*****************************************************************
      SolidWorks Corporation - IGES Processor Status Report
*****************************************************************
=================================================================
Общая информация
=================================================================
Отправка кода продукта системы: 
Получение кода продукта системы: 
Имя файла                 : Р РђР—Р“Р РЈР—РљРђ_2.377.06.00.00---110324-1
Отправка системы               : AutoCAD 2021 вЂ” Р СѓСЃСЃРєРёР№ (Russian)
Версия препроцессора       : Autodesk Translation Framework DWG producer (atf_dwg_producer)
Дата создания файла           : 20240312.094921
Дата создания модели          : 20180604.144056
Единицы                        : MM
Масштаб пространства модели            : 1
Автор                       : 
Организация                 : unknown


=================================================================
Сведения по обработке объекта
=================================================================


=================================================================
Точный анализ файла IGES:
=================================================================
  Преобладающее число значимых знаков:              14
  Наибольшее число значимых знаков:                     14
  Среднее число значимых знаков:                 13.808
  Максимальное расстояние до исходной точки:                          3857.34
  Минимальное расстояние до исходной точки:                          1287.77
  Эффективное число значимых знаков:              13.6985


=================================================================
Сводка по объектам
=================================================================
-----------------------------------------------------------------
Тип Имя                                         Количество Преобразован
---- ----                                         ----- ---------
100  Arc                                              1         1
110  Line                                          1404      1404
120  Surface of revolution                          659       659
124  Transformation matrix                          143       143
126  Rational B-spline curve                      34289     34289
128  Rational B-spline surface                    12813     12813
141  Boundary                                      2267      2267
143  Bounded surface                               2096      2096
186  Manifold Solid B-rep Object                    618       618
308  Subfigure definition                            37        37
314  Color definition                                 6         6
406  Property                                       825       825
408  Singular subfigure instance                    142       142
502  Vertex list                                    618       618
504  Edge entity                                    618       618
508  Loop entity                                  12983     12983
510  Face entity                                  11376     11376
514  Shell entity                                   630       630
_________________________________________________________________


=================================================================
Сводка результатов
=================================================================
Тип элемента SolidWorks                Количество
-----------------------                -----
Твердотельные элементы                       620
Элементы поверхности                     1326
Элементы кривой/эскиза                0
--------------------------------------------
Время начала: среда, Март 13, 2024 11:43:55
Время окончания: среда, Март 13, 2024 11:46:59
Время обработки: 0 days, 00 hours, 03 mins, 04 secs
